// Jest Snapshot v1, https://goo.gl/fbAQLP

exports[`<HomePage /> should render and match the snapshot 1`] = `
<React.Fragment>
  <Helmet
    defer={true}
    encodeSpecialCharacters={true}
  >
    <title>Home Page</title>
    <meta name="description" content="Home page" />
  </Helmet>
  <NavBar />
  <PageWrapper>
    <Masthead />
  </PageWrapper>
</React.Fragment>
`;
